---
source: src/output/snapshot_tests.rs
expression: output
---
  TokenAcctXYZ9876543210zyxwvutsrqponmlk1234  OwnerABCDEFGH123456789012345678901234567890  -0.500000  1.000000  →  0.500000  EPjFWdd5AufqSSqeM2qN1xzybapC8G4wEGGkZwyTDt1v

  token-account  owner  ±Δ(amount)  before → after  mint | (+) increase  (-) decrease
